ASxxxx Linker V03.00 + NoICE + sdld,  page 1.
Hexadecimal  [32-Bits]

Area                                    Addr        Size        Decimal Bytes (Attributes)
--------------------------------        ----        ----        ------- ----- ------------
.  .ABS.                            00000000    00000000 =           0. bytes (ABS,CON)

      Value  Global                              Global Defined In Module
      -----  --------------------------------   ------------------------
     00000000  .__.ABS.                           main
     00000000  __flag                             main
     00000000  l_CABS                          
     00000000  l_CONST                         
     00000000  l_DABS                          
     00000000  l_HEADER                        
     00000000  l_OSEG                          
     00000000  l_PREG                          
     00000000  l_RSEG                          
     00000000  l__CODE                         
     00000000  s_CABS                          
     00000000  s_DABS                          
     00000000  s_HEADER                        
     00000000  s_HEADER1                       
     00000000  s_HEADER3                       
     00000000  s_PREG                          
     00000000  s_PREG2                         
     00000000  s_RSEG                          
     00000000  s_RSEG0                         
     00000000  s__CODE                         
     00000001  l_SSEG                          
     00000002  __sp                               main
     00000002  l_GSFINAL                       
     00000002  l_HEADER1                       
     00000002  l_HOME                          
     00000002  l_PREG2                         
     00000002  l_RSEG0                         
     00000002  s_DATA                          
     00000003  __clkmd                            main
     00000004  __inten                            main
     00000005  __intrq                            main
     00000006  __t16m                             main
     00000008  __misc                             main
     00000009  __tm2b                             main
     00000009  l_DATA                          
     0000000A  __eoscr                            main
     0000000B  __ihrcr                            main
     0000000B  s_OSEG                          
     0000000B  s_SSEG                          
     0000000C  __integs                           main
     0000000D  __padier                           main
     0000000E  __pbdier                           main
     0000000F  __misc2                            main
     00000010  __pa                               main
     00000010  l_HEADER3                       
     00000011  __pac                              main
     00000012  __paph                             main
     00000014  __pb                               main
     00000014  l_GSINIT                        
     00000015  __pbc                              main
ASxxxx Linker V03.00 + NoICE + sdld,  page 2.
Hexadecimal  [32-Bits]

Area                                    Addr        Size        Decimal Bytes (Attributes)
--------------------------------        ----        ----        ------- ----- ------------
.  .ABS.                            00000000    00000000 =           0. bytes (ABS,CON)

      Value  Global                              Global Defined In Module
      -----  --------------------------------   ------------------------
     00000016  __pbph                             main
     00000017  __tm2s                             main
     00000018  __gpcc                             main
     00000019  __gpcs                             main
     0000001A  __bgtr                             main
     0000001B  __misclvr                          main
     0000001C  __tm2c                             main
     0000001D  __tm2ct                            main
     00000020  __pwmg0c                           main
     00000021  __pwmg0s                           main
     00000022  __pwmg0dth                         main
     00000022  s_HOME                          
     00000023  __pwmg0dtl                         main
     00000024  __pwmg0cubh                        main
     00000024  s_GSINIT                        
     00000025  __pwmg0cubl                        main
     00000026  __pwmg1c                           main
     00000027  __pwmg1s                           main
     00000028  __pwmg1dth                         main
     00000029  __pwmg1dtl                         main
     0000002A  __pwmg1cubh                        main
     0000002B  __pwmg1cubl                        main
     0000002C  __pwmg2c                           main
     0000002D  __pwmg2s                           main
     0000002E  __pwmg2dth                         main
     0000002F  __pwmg2dtl                         main
     00000030  __pwmg2cubh                        main
     00000031  __pwmg2cubl                        main
     00000032  __tm3c                             main
     00000033  __tm3ct                            main
     00000034  __tm3s                             main
     00000035  __tm3b                             main
     00000038  s_GSFINAL                       
     00000039  __ilrcr                            main
     0000003A  s_CODE                          
     000000F4  l_CODE                          
     0000012E  s_CONST                         
ASxxxx Linker V03.00 + NoICE + sdld,  page 3.
Hexadecimal  [32-Bits]

Area                                    Addr        Size        Decimal Bytes (Attributes)
--------------------------------        ----        ----        ------- ----- ------------
DATA                                00000002    00000009 =           9. bytes (REL,CON)

      Value  Global                              Global Defined In Module
      -----  --------------------------------   ------------------------
     00000002  __delay_loop_8_PARM_1              main
     00000003  __delay_loop_16_PARM_1             main
     00000005  __delay_loop_32_PARM_1             main
ASxxxx Linker V03.00 + NoICE + sdld,  page 4.
Hexadecimal  [32-Bits]

Area                                    Addr        Size        Decimal Bytes (Attributes)
--------------------------------        ----        ----        ------- ----- ------------
RSEG0                               00000000    00000002 =           2. bytes (ABS,CON)

      Value  Global                              Global Defined In Module
      -----  --------------------------------   ------------------------
     00000000  __t16c                             main

ASxxxx Linker V03.00 + NoICE + sdld,  page 5.
Hexadecimal  [32-Bits]

Area                                    Addr        Size        Decimal Bytes (Attributes)
--------------------------------        ----        ----        ------- ----- ------------
SSEG                                0000000B    00000001 =           1. bytes (REL,CON)

      Value  Global                              Global Defined In Module
      -----  --------------------------------   ------------------------
ASxxxx Linker V03.00 + NoICE + sdld,  page 6.
Hexadecimal  [32-Bits]

Area                                    Addr        Size        Decimal Bytes (Attributes)
--------------------------------        ----        ----        ------- ----- ------------
HOME                                00000022    00000002 =           2. bytes (REL,CON)

      Value  Global                              Global Defined In Module
      -----  --------------------------------   ------------------------
ASxxxx Linker V03.00 + NoICE + sdld,  page 7.
Hexadecimal  [32-Bits]

Area                                    Addr        Size        Decimal Bytes (Attributes)
--------------------------------        ----        ----        ------- ----- ------------
HEADER1                             00000000    00000002 =           2. bytes (ABS,CON)

      Value  Global                              Global Defined In Module
      -----  --------------------------------   ------------------------
ASxxxx Linker V03.00 + NoICE + sdld,  page 8.
Hexadecimal  [32-Bits]

Area                                    Addr        Size        Decimal Bytes (Attributes)
--------------------------------        ----        ----        ------- ----- ------------
GSINIT                              00000024    00000014 =          20. bytes (REL,CON)

      Value  Global                              Global Defined In Module
      -----  --------------------------------   ------------------------
ASxxxx Linker V03.00 + NoICE + sdld,  page 9.
Hexadecimal  [32-Bits]

Area                                    Addr        Size        Decimal Bytes (Attributes)
--------------------------------        ----        ----        ------- ----- ------------
GSFINAL                             00000038    00000002 =           2. bytes (REL,CON)

      Value  Global                              Global Defined In Module
      -----  --------------------------------   ------------------------
ASxxxx Linker V03.00 + NoICE + sdld,  page 10.
Hexadecimal  [32-Bits]

Area                                    Addr        Size        Decimal Bytes (Attributes)
--------------------------------        ----        ----        ------- ----- ------------
PREG2                               00000000    00000002 =           2. bytes (ABS,CON)

      Value  Global                              Global Defined In Module
      -----  --------------------------------   ------------------------
     00000000  p                                  main

ASxxxx Linker V03.00 + NoICE + sdld,  page 11.
Hexadecimal  [32-Bits]

Area                                    Addr        Size        Decimal Bytes (Attributes)
--------------------------------        ----        ----        ------- ----- ------------
HEADER3                             00000000    00000010 =          16. bytes (ABS,CON)

      Value  Global                              Global Defined In Module
      -----  --------------------------------   ------------------------
ASxxxx Linker V03.00 + NoICE + sdld,  page 12.
Hexadecimal  [32-Bits]

Area                                    Addr        Size        Decimal Bytes (Attributes)
--------------------------------        ----        ----        ------- ----- ------------
CODE                                0000003A    000000F4 =         244. bytes (REL,CON)

      Value  Global                              Global Defined In Module
      -----  --------------------------------   ------------------------
     0000003A  __delay_loop_8                     main
     00000040  __delay_loop_16                    main
     00000050  __delay_loop_32                    main
     00000068  _main                              main
     00000114  __sdcc_external_startup            main

ASxxxx Linker V03.00 + NoICE + sdld,  page 13.

Files Linked                              [ module(s) ]

.build/main.rel                           [ main ]

ASxxxx Linker V03.00 + NoICE + sdld,  page 14.

User Base Address Definitions

HOME = 0x0022
DATA = 0x0002

