                                      1 ;--------------------------------------------------------
                                      2 ; File Created by SDCC : free open source ANSI-C Compiler
                                      3 ; Version 4.2.0 #13081 (Linux)
                                      4 ;--------------------------------------------------------
                                      5 	.module main
                                      6 	.optsdcc -mpdk14
                                      7 	
                                      8 
                                      9 ; default segment ordering in RAM for linker
                                     10 	.area DATA
                                     11 	.area OSEG (OVR,DATA)
                                     12 
                                     13 ;--------------------------------------------------------
                                     14 ; Public variables in this module
                                     15 ;--------------------------------------------------------
                                     16 	.globl __sdcc_external_startup
                                     17 	.globl _main
                                     18 	.globl __delay_loop_32
                                     19 	.globl __delay_loop_16
                                     20 	.globl __delay_loop_8
                                     21 	.globl __misclvr
                                     22 	.globl __misc2
                                     23 	.globl __misc
                                     24 	.globl __pwmg2cubl
                                     25 	.globl __pwmg2cubh
                                     26 	.globl __pwmg2dtl
                                     27 	.globl __pwmg2dth
                                     28 	.globl __pwmg2s
                                     29 	.globl __pwmg2c
                                     30 	.globl __pwmg1cubl
                                     31 	.globl __pwmg1cubh
                                     32 	.globl __pwmg1dtl
                                     33 	.globl __pwmg1dth
                                     34 	.globl __pwmg1s
                                     35 	.globl __pwmg1c
                                     36 	.globl __pwmg0cubl
                                     37 	.globl __pwmg0cubh
                                     38 	.globl __pwmg0dtl
                                     39 	.globl __pwmg0dth
                                     40 	.globl __pwmg0s
                                     41 	.globl __pwmg0c
                                     42 	.globl __gpcs
                                     43 	.globl __gpcc
                                     44 	.globl __bgtr
                                     45 	.globl __tm3b
                                     46 	.globl __tm3s
                                     47 	.globl __tm3ct
                                     48 	.globl __tm3c
                                     49 	.globl __tm2b
                                     50 	.globl __tm2s
                                     51 	.globl __tm2ct
                                     52 	.globl __tm2c
                                     53 	.globl __t16c
                                     54 	.globl __t16m
                                     55 	.globl __pbph
                                     56 	.globl __pbc
                                     57 	.globl __pb
                                     58 	.globl __pbdier
                                     59 	.globl __paph
                                     60 	.globl __pac
                                     61 	.globl __pa
                                     62 	.globl __padier
                                     63 	.globl __integs
                                     64 	.globl __intrq
                                     65 	.globl __inten
                                     66 	.globl __eoscr
                                     67 	.globl __ilrcr
                                     68 	.globl __ihrcr
                                     69 	.globl __clkmd
                                     70 	.globl __sp
                                     71 	.globl __flag
                                     72 	.globl __delay_loop_32_PARM_1
                                     73 	.globl __delay_loop_16_PARM_1
                                     74 	.globl __delay_loop_8_PARM_1
                                     75 ;--------------------------------------------------------
                                     76 ; special function registers
                                     77 ;--------------------------------------------------------
                                     78 	.area RSEG (ABS)
      000000                         79 	.org 0x0000
                           000000    80 __flag	=	0x0000
                           000002    81 __sp	=	0x0002
                           000003    82 __clkmd	=	0x0003
                           00000B    83 __ihrcr	=	0x000b
                           000039    84 __ilrcr	=	0x0039
                           00000A    85 __eoscr	=	0x000a
                           000004    86 __inten	=	0x0004
                           000005    87 __intrq	=	0x0005
                           00000C    88 __integs	=	0x000c
                           00000D    89 __padier	=	0x000d
                           000010    90 __pa	=	0x0010
                           000011    91 __pac	=	0x0011
                           000012    92 __paph	=	0x0012
                           00000E    93 __pbdier	=	0x000e
                           000014    94 __pb	=	0x0014
                           000015    95 __pbc	=	0x0015
                           000016    96 __pbph	=	0x0016
                           000006    97 __t16m	=	0x0006
      000000                         98 __t16c::
      000000                         99 	.ds 2
                           00001C   100 __tm2c	=	0x001c
                           00001D   101 __tm2ct	=	0x001d
                           000017   102 __tm2s	=	0x0017
                           000009   103 __tm2b	=	0x0009
                           000032   104 __tm3c	=	0x0032
                           000033   105 __tm3ct	=	0x0033
                           000034   106 __tm3s	=	0x0034
                           000035   107 __tm3b	=	0x0035
                           00001A   108 __bgtr	=	0x001a
                           000018   109 __gpcc	=	0x0018
                           000019   110 __gpcs	=	0x0019
                           000020   111 __pwmg0c	=	0x0020
                           000021   112 __pwmg0s	=	0x0021
                           000022   113 __pwmg0dth	=	0x0022
                           000023   114 __pwmg0dtl	=	0x0023
                           000024   115 __pwmg0cubh	=	0x0024
                           000025   116 __pwmg0cubl	=	0x0025
                           000026   117 __pwmg1c	=	0x0026
                           000027   118 __pwmg1s	=	0x0027
                           000028   119 __pwmg1dth	=	0x0028
                           000029   120 __pwmg1dtl	=	0x0029
                           00002A   121 __pwmg1cubh	=	0x002a
                           00002B   122 __pwmg1cubl	=	0x002b
                           00002C   123 __pwmg2c	=	0x002c
                           00002D   124 __pwmg2s	=	0x002d
                           00002E   125 __pwmg2dth	=	0x002e
                           00002F   126 __pwmg2dtl	=	0x002f
                           000030   127 __pwmg2cubh	=	0x0030
                           000031   128 __pwmg2cubl	=	0x0031
                           000008   129 __misc	=	0x0008
                           00000F   130 __misc2	=	0x000f
                           00001B   131 __misclvr	=	0x001b
                                    132 ;--------------------------------------------------------
                                    133 ; ram data
                                    134 ;--------------------------------------------------------
                                    135 	.area DATA
      000000                        136 __delay_loop_8_PARM_1:
      000000                        137 	.ds 1
      000001                        138 __delay_loop_16_PARM_1:
      000001                        139 	.ds 2
      000003                        140 __delay_loop_32_PARM_1:
      000003                        141 	.ds 4
      000007                        142 _main_sloc0_1_0:
      000007                        143 	.ds 2
                                    144 ;--------------------------------------------------------
                                    145 ; overlayable items in ram
                                    146 ;--------------------------------------------------------
                                    147 ;--------------------------------------------------------
                                    148 ; Stack segment in internal ram
                                    149 ;--------------------------------------------------------
                                    150 	.area	SSEG
      000000                        151 __start__stack:
      000000                        152 	.ds	1
                                    153 
                                    154 ;--------------------------------------------------------
                                    155 ; absolute external ram data
                                    156 ;--------------------------------------------------------
                                    157 	.area DABS (ABS)
                                    158 ;--------------------------------------------------------
                                    159 ; interrupt vector
                                    160 ;--------------------------------------------------------
                                    161 	.area HOME
      000000                        162 __interrupt_vect:
                                    163 	.area	HEADER (ABS)
      000020                        164 	.org	 0x0020
      000020 7B 00                  165 	reti
                                    166 ;--------------------------------------------------------
                                    167 ; global & static initialisations
                                    168 ;--------------------------------------------------------
                                    169 	.area HOME
                                    170 	.area GSINIT
                                    171 	.area GSFINAL
                                    172 	.area GSINIT
                                    173 	.area	PREG (ABS)
      000000                        174 	.org 0x00
      000000                        175 p::
      000000                        176 	.ds 2
                                    177 	.area	HEADER (ABS)
      000000                        178 	.org 0x0000
      000000 00 00                  179 	nop
      000002r01r13                  180 	clear	p+1
      000004r00r2F                  181 	mov	a, #s_OSEG
      000006r01r28                  182 	add	a, #l_OSEG + 1
      000008 FE 2C                  183 	and	a, #0xfe
      00000A 82 01                  184 	mov.io	sp, a
      00000CrDCr38                  185 	call	__sdcc_external_startup
      00000Er00r30                  186 	goto	s_GSINIT
                                    187 	.area GSINIT
      000000                        188 __sdcc_init_data:
      000000r00r2F                  189 	mov	a, #s_DATA
      000002r80r0B                  190 	mov	p, a
      000004r0Er30                  191 	goto	00002$
      000006                        192 00001$:
      000006 00 2F                  193 	mov	a, #0x00
      000008r80r03                  194 	idxm	p, a
      00000Ar00r12                  195 	inc	p
      00000Cr00r2F                  196 	mov	a, #s_DATA
      00000E                        197 00002$:
      00000Er00r28                  198 	add	a, #l_DATA
      000010r00r17                  199 	ceqsn	a, p
      000012r06r30                  200 	goto	00001$
                                    201 	.area GSFINAL
      000000r00r30                  202 	goto	__sdcc_program_startup
                                    203 ;--------------------------------------------------------
                                    204 ; Home
                                    205 ;--------------------------------------------------------
                                    206 	.area HOME
                                    207 	.area HOME
      000000                        208 __sdcc_program_startup:
      000000r2Er30                  209 	goto	_main
                                    210 ;	return from main will return to caller
                                    211 ;--------------------------------------------------------
                                    212 ; code
                                    213 ;--------------------------------------------------------
                                    214 	.area CODE
                                    215 ;	delay.h: 34: void _delay_loop_8(uint8_t loop_ctr) {
                                    216 ;	-----------------------------------------
                                    217 ;	 function _delay_loop_8
                                    218 ;	-----------------------------------------
      000000                        219 __delay_loop_8:
                                    220 ;	delay.h: 44: __endasm;
      000000                        221 	00001$:
                                    222 ; 4 cycles per loop
      000000r80r11                  223 	dzsn	__delay_loop_8_PARM_1 ; 1 cycle + 1 cycle for final skip
      000002r00r30                  224 	goto	00001$ ; 2 cycles
      000004                        225 00101$:
                                    226 ;	delay.h: 45: }
      000004 7A 00                  227 	ret
                                    228 ;	delay.h: 48: void _delay_loop_16(uint16_t loop_ctr) {
                                    229 ;	-----------------------------------------
                                    230 ;	 function _delay_loop_16
                                    231 ;	-----------------------------------------
      000006                        232 __delay_loop_16:
                                    233 ;	delay.h: 65: __endasm;
      000006                        234 	00001$:
                                    235 ; 8 cycles per loop
      000006 00 00                  236 	nop	; 1 cycle
      000008r81r12                  237 	dec	__delay_loop_16_PARM_1+0 ; 1 cycle
      00000Ar82r10                  238 	subc	__delay_loop_16_PARM_1+1 ; 1 cycle
      00000Cr81r0F                  239 	mov	a, __delay_loop_16_PARM_1+0 ; 1 cycle
      00000Er82r0E                  240 	or	a, __delay_loop_16_PARM_1+1 ; 1 cycle
      000010 00 1A                  241 	t1sn	f, z ; 1 cycle + 1 cycle for final skip
      000012r06r30                  242 	goto	00001$ ; 2 cycles
      000014                        243 00101$:
                                    244 ;	delay.h: 66: }
      000014 7A 00                  245 	ret
                                    246 ;	delay.h: 69: void _delay_loop_32(uint32_t loop_ctr) {
                                    247 ;	-----------------------------------------
                                    248 ;	 function _delay_loop_32
                                    249 ;	-----------------------------------------
      000016                        250 __delay_loop_32:
                                    251 ;	delay.h: 94: __endasm;
      000016                        252 	00001$:
                                    253 ; 12 cycles per loop
      000016 00 00                  254 	nop	; 1 cycle
      000018r83r12                  255 	dec	__delay_loop_32_PARM_1+0 ; 1 cycle
      00001Ar84r10                  256 	subc	__delay_loop_32_PARM_1+1 ; 1 cycle
      00001Cr85r10                  257 	subc	__delay_loop_32_PARM_1+2 ; 1 cycle
      00001Er86r10                  258 	subc	__delay_loop_32_PARM_1+3 ; 1 cycle
      000020r83r0F                  259 	mov	a, __delay_loop_32_PARM_1+0 ; 1 cycle
      000022r84r0E                  260 	or	a, __delay_loop_32_PARM_1+1 ; 1 cycle
      000024r85r0E                  261 	or	a, __delay_loop_32_PARM_1+2 ; 1 cycle
      000026r86r0E                  262 	or	a, __delay_loop_32_PARM_1+3 ; 1 cycle
      000028 00 1A                  263 	t1sn	f, z ; 1 cycle + 1 cycle for final skip
      00002Ar16r30                  264 	goto	00001$ ; 2 cycles
      00002C                        265 00101$:
                                    266 ;	delay.h: 95: }
      00002C 7A 00                  267 	ret
                                    268 ;	main.c: 28: void main() {
                                    269 ;	-----------------------------------------
                                    270 ;	 function main
                                    271 ;	-----------------------------------------
      00002E                        272 _main:
                                    273 ;	main.c: 31: PAC &= ~(1 << INPUT_PIN);         /* Set input as input (all pins are input by default) */
      00002E 51 1D                  274 	set0.io	__pac, #5
                                    275 ;	main.c: 32: PADIER |= (1 << INPUT_PIN);       /* input as digital input */
      000030 4D 1F                  276 	set1.io	__padier, #5
                                    277 ;	main.c: 33: PAPH |= (1 << INPUT_PIN);         /* Enable pull-up resistor on input */
      000032 52 1F                  278 	set1.io	__paph, #5
                                    279 ;	main.c: 34: PAC |= (1 << PWM_OUTPUT_PIN);     /* Set PWM_OUPUT_PIN as output (all pins are input by default) */
      000034 11 1F                  280 	set1.io	__pac, #4
                                    281 ;	main.c: 37: PWMG1CUBL = PWM_MAX << 5;         /* Set the PWM upper bound (lower 3 bits) */
      000036 E0 2F                  282 	mov	a, #0xe0
      000038 AB 01                  283 	mov.io	__pwmg1cubl, a
                                    284 ;	main.c: 38: PWMG1CUBH = PWM_MAX >> 3;         /* (upper 5 bits) */
      00003A 1F 2F                  285 	mov	a, #0x1f
      00003C AA 01                  286 	mov.io	__pwmg1cubh, a
                                    287 ;	main.c: 39: PWMG1DTL = 0x00;                  /* Clear the PWM duty value */
      00003E 00 2F                  288 	mov	a, #0x00
      000040 A9 01                  289 	mov.io	__pwmg1dtl, a
                                    290 ;	main.c: 40: PWMG1DTH = 0x00;
      000042 00 2F                  291 	mov	a, #0x00
      000044 A8 01                  292 	mov.io	__pwmg1dth, a
                                    293 ;	main.c: 41: PWMG1C = (uint8_t)(PWMG1C_ENABLE | PWMG1C_OUT_PA4 | PWMG1C_CLK_IHRC);
      000046 87 2F                  294 	mov	a, #0x87
      000048 A6 01                  295 	mov.io	__pwmg1c, a
                                    296 ;	main.c: 42: PWMG1S = 0x00;                    /* No pre-scaler */
      00004A 00 2F                  297 	mov	a, #0x00
      00004C A7 01                  298 	mov.io	__pwmg1s, a
                                    299 ;	main.c: 46: while (1) {
      00004E                        300 00109$:
                                    301 ;	main.c: 48: if (isInputActive()) {
      00004E D0 01                  302 	mov.io	a, __pa
      000050 20 2C                  303 	and	a, #0x20
      000052 00 2A                  304 	ceqsn	a, #0x00
      000054rC6r30                  305 	goto	00106$
                                    306 ;	main.c: 51: for (pwmValue = PWM_MIN; pwmValue < PWM_MAX; pwmValue += PWM_INC_VALUE) {
      000056 80 2F                  307 	mov	a, #0x80
      000058r87r0B                  308 	mov	_main_sloc0_1_0+0, a
      00005Ar08r13                  309 	clear	_main_sloc0_1_0+1
      00005C                        310 00111$:
                                    311 ;	main.c: 52: PWMG1DTL = pwmValue << 5;     /* Set PWM duty value (lower 3 bits) */
      00005Cr87r0F                  312 	mov	a, _main_sloc0_1_0+0
      00005E 6E 00                  313 	swap	a
      000060 F0 2C                  314 	and	a, #0xf0
      000062 6B 00                  315 	sl	a
      000064 A9 01                  316 	mov.io	__pwmg1dtl, a
                                    317 ;	main.c: 53: PWMG1DTH = pwmValue >> 3;     /* (upper 8 bits) */
      000066r88r0F                  318 	mov	a, _main_sloc0_1_0+1
      000068r80r0B                  319 	mov	p, a
      00006Ar87r0F                  320 	mov	a, _main_sloc0_1_0+0
      00006Cr00r15                  321 	sr	p
      00006E 6C 00                  322 	src	a
      000070r00r15                  323 	sr	p
      000072 6C 00                  324 	src	a
      000074r00r15                  325 	sr	p
      000076 6C 00                  326 	src	a
      000078 A8 01                  327 	mov.io	__pwmg1dth, a
                                    328 ;	main.c: 54: _delay_ms(PWM_RAMP_DELAY_ms);
      00007A E6 2F                  329 	mov	a, #0xe6
      00007Cr81r0B                  330 	mov	__delay_loop_16_PARM_1+0, a
      00007E 03 2F                  331 	mov	a, #0x03
      000080r82r0B                  332 	mov	__delay_loop_16_PARM_1+1, a
      000082r06r38                  333 	call	__delay_loop_16
                                    334 ;	main.c: 51: for (pwmValue = PWM_MIN; pwmValue < PWM_MAX; pwmValue += PWM_INC_VALUE) {
      000084r87r0F                  335 	mov	a, _main_sloc0_1_0+0
      000086 04 28                  336 	add	a, #0x04
      000088r80r0B                  337 	mov	p, a
      00008Ar88r0F                  338 	mov	a, _main_sloc0_1_0+1
      00008C 60 00                  339 	addc	a
      00008Er88r0B                  340 	mov	_main_sloc0_1_0+1, a
      000090r80r0F                  341 	mov	a, p
      000092r87r0B                  342 	mov	_main_sloc0_1_0+0, a
      000094r88r0F                  343 	mov	a, _main_sloc0_1_0+1
      000096r80r0B                  344 	mov	p, a
      000098r87r0F                  345 	mov	a, _main_sloc0_1_0+0
      00009A FF 29                  346 	sub	a, #0xff
      00009Cr80r0F                  347 	mov	a, p
      00009E 61 00                  348 	subc	a
      0000A0 40 18                  349 	t0sn.io	f, c
      0000A2r5Cr30                  350 	goto	00111$
                                    351 ;	main.c: 58: PWMG1DTL = PWM_MAX << 5;     /* Set PWM duty value (lower 3 bits) */
      0000A4 E0 2F                  352 	mov	a, #0xe0
      0000A6 A9 01                  353 	mov.io	__pwmg1dtl, a
                                    354 ;	main.c: 59: PWMG1DTH = PWM_MAX >> 3;     /* (upper 8 bits) */
      0000A8 1F 2F                  355 	mov	a, #0x1f
      0000AA A8 01                  356 	mov.io	__pwmg1dth, a
                                    357 ;	main.c: 60: while(isInputActive()) {
      0000AC                        358 00102$:
      0000AC D0 01                  359 	mov.io	a, __pa
      0000AE 20 2C                  360 	and	a, #0x20
      0000B0 00 2A                  361 	ceqsn	a, #0x00
      0000B2r4Er30                  362 	goto	00109$
                                    363 ;	main.c: 61: _delay_ms(1000);
      0000B4 84 2F                  364 	mov	a, #0x84
      0000B6r83r0B                  365 	mov	__delay_loop_32_PARM_1+0, a
      0000B8 45 2F                  366 	mov	a, #0x45
      0000BAr84r0B                  367 	mov	__delay_loop_32_PARM_1+1, a
      0000BC 01 2F                  368 	mov	a, #0x01
      0000BEr85r0B                  369 	mov	__delay_loop_32_PARM_1+2, a
      0000C0r06r13                  370 	clear	__delay_loop_32_PARM_1+3
      0000C2r16r38                  371 	call	__delay_loop_32
      0000C4rACr30                  372 	goto	00102$
      0000C6                        373 00106$:
                                    374 ;	main.c: 65: PWMG1DTL = 0;                 /* Set PWM duty value (lower 3 bits) */
      0000C6 00 2F                  375 	mov	a, #0x00
      0000C8 A9 01                  376 	mov.io	__pwmg1dtl, a
                                    377 ;	main.c: 66: PWMG1DTH = 0;                 /* (upper 8 bits) */
      0000CA 00 2F                  378 	mov	a, #0x00
      0000CC A8 01                  379 	mov.io	__pwmg1dth, a
                                    380 ;	main.c: 67: _delay_ms(50);                /* short delay for debounce */
      0000CE 68 2F                  381 	mov	a, #0x68
      0000D0r81r0B                  382 	mov	__delay_loop_16_PARM_1+0, a
      0000D2 18 2F                  383 	mov	a, #0x18
      0000D4r82r0B                  384 	mov	__delay_loop_16_PARM_1+1, a
      0000D6r06r38                  385 	call	__delay_loop_16
      0000D8r4Er30                  386 	goto	00109$
                                    387 ;	main.c: 70: }
      0000DA 7A 00                  388 	ret
                                    389 ;	main.c: 73: unsigned char _sdcc_external_startup(void) {
                                    390 ;	-----------------------------------------
                                    391 ;	 function _sdcc_external_startup
                                    392 ;	-----------------------------------------
      0000DC                        393 __sdcc_external_startup:
                                    394 ;	main.c: 78: AUTO_INIT_SYSCLOCK();
      0000DC 1C 2F                  395 	mov	a, #0x1c
      0000DE 83 01                  396 	mov.io	__clkmd, a
                                    397 ;	main.c: 83: AUTO_CALIBRATE_SYSCLOCK(TARGET_VDD_MV);
      0000E0 52 2C                  398 	and	a, #'R'                       
      0000E2 43 2C                  399 	and	a, #'C'                       
      0000E4 01 2C                  400 	and	a, #(1)            
      0000E6 40 2C                  401 	and	a, #((1000000))     
      0000E8 42 2C                  402 	and	a, #((1000000)>>8)  
      0000EA 0F 2C                  403 	and	a, #((1000000)>>16) 
      0000EC 00 2C                  404 	and	a, #((1000000)>>24) 
      0000EE 88 2C                  405 	and	a, #((5000))     
      0000F0 13 2C                  406 	and	a, #((5000)>>8)  
      0000F2 0B 2C                  407 	and	a, #(0x0b)             
                                    408 ;	main.c: 85: return 0;   // Return 0 to inform SDCC to continue with normal initialization.
                                    409 ;	main.c: 86: }
      0000F4 00 02                  410 	ret	#0x00
                                    411 	.area CODE
                                    412 	.area CONST
                                    413 	.area CABS (ABS)
